
> kairo@0.1.0 build
> next build

Γû▓ Next.js 16.1.6 (Turbopack)
- Environments: .env.local

node.exe : ΓÜá The 
"middleware" file 
convention is 
deprecated. Please 
use "proxy" instead. 
Learn more: https://n
extjs.org/docs/messag
es/middleware-to-prox
y
At line:1 char:1
+ & "C:\Program Files
\nodejs/node.exe" 
"C:\Program 
Files\nodejs/node_mo 
...
+ ~~~~~~~~~~~~~~~~~~~
~~~~~~~~~~~~~~~~~~~~~
~~~~~~~~~~~~~~~~~~~~~
~~~~~~~~
    + CategoryInfo   
           : NotSpe  
  cified: (ΓÜá The   
  "middle...lewar    
e-to-proxy:Strin    
g) [], RemoteExc    
eption
    + FullyQualified 
   ErrorId : Native  
  CommandError
 
  Creating an optimized production build ...

> Build error 
occurred
Error: Turbopack 
build failed with 2 
errors:
./components/Sidebar.
tsx:6:1
Export logout 
doesn't exist in 
target module
[0m [90m 4 |[39m 
[36mimport[39m { 
useState } 
[36mfrom[39m [32m'
react'[39m[33m;[39
m
 [90m 5 |[39m 
[36mimport[39m { [
33mSettingsModal[39m
 } [36mfrom[39m [3
2m'./Modals/SettingsM
odal'[39m[33m;[39m
[31m[1m>[22m[39m
[90m 6 |[39m 
[36mimport[39m { 
logout } 
[36mfrom[39m [32m'
@/app/login/actions'
[39m[33m;[39m
 [90m   |[39m [31m
[1m^[22m[39m[31m
[1m^[22m[39m[31m[
1m^[22m[39m[31m[1
m^[22m[39m[31m[1m
^[22m[39m[31m[1m^
[22m[39m[31m[1m^
[22m[39m[31m[1m^[
22m[39m[31m[1m^[2
2m[39m[31m[1m^[22
m[39m[31m[1m^[22m
[39m[31m[1m^[22m
[39m[31m[1m^[22m[
39m[31m[1m^[22m[3
9m[31m[1m^[22m[39
m[31m[1m^[22m[39m
[31m[1m^[22m[39m
[31m[1m^[22m[39m[
31m[1m^[22m[39m[3
1m[1m^[22m[39m[31
m[1m^[22m[39m[31m
[1m^[22m[39m[31m
[1m^[22m[39m[31m[
1m^[22m[39m[31m[1
m^[22m[39m[31m[1m
^[22m[39m[31m[1m^
[22m[39m[31m[1m^
[22m[39m[31m[1m^[
22m[39m[31m[1m^[2
2m[39m[31m[1m^[22
m[39m[31m[1m^[22m
[39m[31m[1m^[22m
[39m[31m[1m^[22m[
39m[31m[1m^[22m[3
9m[31m[1m^[22m[39
m[31m[1m^[22m[39m
[31m[1m^[22m[39m
[31m[1m^[22m[39m[
31m[1m^[22m[39m[3
1m[1m^[22m[39m[31
m[1m^[22m[39m[31m
[1m^[22m[39m[31m
[1m^[22m[39m[31m[
1m^[22m[39m
 [90m 7 |[39m
 [90m 8 |[39m 
[36mexport[39m 
[36mdefault[39m 
[36mfunction[39m 
[33mSidebar[39m({ 
userEmail 
}[33m:[39m { userEm
ail[33m?[39m[33m:
[39m string }) {
 [90m 9 |[39m     
[36mconst[39m 
pathname [33m=[39m 
usePathname()[33m;[
39m[0m

The export logout 
was not found in 
module [project]/app/
login/actions.ts 
[app-client] 
(ecmascript).
Did you mean to 
import login?
All exports of the 
module are 
statically known (It 
doesn't have dynamic 
exports). So it's 
known statically 
that the requested 
export doesn't exist.

Import trace:
  Server Component:
    ./components/Side
bar.tsx
    
./app/chat/layout.tsx


./components/Sidebar.
tsx:6:1
Export logout 
doesn't exist in 
target module
[0m [90m 4 |[39m 
[36mimport[39m { 
useState } 
[36mfrom[39m [32m'
react'[39m[33m;[39
m
 [90m 5 |[39m 
[36mimport[39m { [
33mSettingsModal[39m
 } [36mfrom[39m [3
2m'./Modals/SettingsM
odal'[39m[33m;[39m
[31m[1m>[22m[39m
[90m 6 |[39m 
[36mimport[39m { 
logout } 
[36mfrom[39m [32m'
@/app/login/actions'
[39m[33m;[39m
 [90m   |[39m [31m
[1m^[22m[39m[31m
[1m^[22m[39m[31m[
1m^[22m[39m[31m[1
m^[22m[39m[31m[1m
^[22m[39m[31m[1m^
[22m[39m[31m[1m^
[22m[39m[31m[1m^[
22m[39m[31m[1m^[2
2m[39m[31m[1m^[22
m[39m[31m[1m^[22m
[39m[31m[1m^[22m
[39m[31m[1m^[22m[
39m[31m[1m^[22m[3
9m[31m[1m^[22m[39
m[31m[1m^[22m[39m
[31m[1m^[22m[39m
[31m[1m^[22m[39m[
31m[1m^[22m[39m[3
1m[1m^[22m[39m[31
m[1m^[22m[39m[31m
[1m^[22m[39m[31m
[1m^[22m[39m[31m[
1m^[22m[39m[31m[1
m^[22m[39m[31m[1m
^[22m[39m[31m[1m^
[22m[39m[31m[1m^
[22m[39m[31m[1m^[
22m[39m[31m[1m^[2
2m[39m[31m[1m^[22
m[39m[31m[1m^[22m
[39m[31m[1m^[22m
[39m[31m[1m^[22m[
39m[31m[1m^[22m[3
9m[31m[1m^[22m[39
m[31m[1m^[22m[39m
[31m[1m^[22m[39m
[31m[1m^[22m[39m[
31m[1m^[22m[39m[3
1m[1m^[22m[39m[31
m[1m^[22m[39m[31m
[1m^[22m[39m[31m
[1m^[22m[39m[31m[
1m^[22m[39m
 [90m 7 |[39m
 [90m 8 |[39m 
[36mexport[39m 
[36mdefault[39m 
[36mfunction[39m 
[33mSidebar[39m({ 
userEmail 
}[33m:[39m { userEm
ail[33m?[39m[33m:
[39m string }) {
 [90m 9 |[39m     
[36mconst[39m 
pathname [33m=[39m 
usePathname()[33m;[
39m[0m

The export logout 
was not found in 
module [project]/app/
login/actions.ts 
[app-ssr] 
(ecmascript).
Did you mean to 
import login?
All exports of the 
module are 
statically known (It 
doesn't have dynamic 
exports). So it's 
known statically 
that the requested 
export doesn't exist.

Import trace:
  Server Component:
    ./components/Side
bar.tsx
    
./app/chat/layout.tsx


    at <unknown> (./c
omponents/Sidebar.tsx
:6:1)
    at <unknown> (./c
omponents/Sidebar.tsx
:6:1)
